Operation Successfully Completed [Wednesday, April 14, 2021]